[debug] [2025-11-21T02:38:28.047Z] ----------------------------------------------------------------------
[debug] [2025-11-21T02:38:28.049Z] Command:       /home/yodit/.nvm/versions/node/v22.13.1/bin/node /home/yodit/.nvm/versions/node/v22.13.1/bin/firebase deploy --only functions
[debug] [2025-11-21T02:38:28.049Z] CLI Version:   14.25.1
[debug] [2025-11-21T02:38:28.049Z] Platform:      linux
[debug] [2025-11-21T02:38:28.049Z] Node Version:  v22.13.1
[debug] [2025-11-21T02:38:28.049Z] Time:          Fri Nov 21 2025 05:38:28 GMT+0300 (East Africa Time)
[debug] [2025-11-21T02:38:28.049Z] ----------------------------------------------------------------------
[debug] 
[debug] [2025-11-21T02:38:28.175Z] > command requires scopes: ["email","openid","https://www.googleapis.com/auth/cloudplatformprojects.readonly","https://www.googleapis.com/auth/firebase","https://www.googleapis.com/auth/cloud-platform"]
[debug] [2025-11-21T02:38:28.176Z] > authorizing via signed-in user (yoditabebe9391@gmail.com)
[debug] [2025-11-21T02:38:28.176Z] [iam] checking project mini-rcm-validation-engine for permissions ["cloudfunctions.functions.create","cloudfunctions.functions.delete","cloudfunctions.functions.get","cloudfunctions.functions.list","cloudfunctions.functions.update","cloudfunctions.operations.get","firebase.projects.get"]
[debug] [2025-11-21T02:38:28.176Z] Checked if tokens are valid: true, expires at: 1763696075618
[debug] [2025-11-21T02:38:28.177Z] Checked if tokens are valid: true, expires at: 1763696075618
[debug] [2025-11-21T02:38:28.177Z] >>> [apiv2][query] POST https://cloudresourcemanager.googleapis.com/v1/projects/mini-rcm-validation-engine:testIamPermissions [none]
[debug] [2025-11-21T02:38:28.177Z] >>> [apiv2][(partial)header] POST https://cloudresourcemanager.googleapis.com/v1/projects/mini-rcm-validation-engine:testIamPermissions x-goog-quota-user=projects/mini-rcm-validation-engine
[debug] [2025-11-21T02:38:28.177Z] >>> [apiv2][body] POST https://cloudresourcemanager.googleapis.com/v1/projects/mini-rcm-validation-engine:testIamPermissions {"permissions":["cloudfunctions.functions.create","cloudfunctions.functions.delete","cloudfunctions.functions.get","cloudfunctions.functions.list","cloudfunctions.functions.update","cloudfunctions.operations.get","firebase.projects.get"]}
[debug] [2025-11-21T02:38:29.815Z] <<< [apiv2][status] POST https://cloudresourcemanager.googleapis.com/v1/projects/mini-rcm-validation-engine:testIamPermissions 200
[debug] [2025-11-21T02:38:29.815Z] <<< [apiv2][body] POST https://cloudresourcemanager.googleapis.com/v1/projects/mini-rcm-validation-engine:testIamPermissions {"permissions":["cloudfunctions.functions.create","cloudfunctions.functions.delete","cloudfunctions.functions.get","cloudfunctions.functions.list","cloudfunctions.functions.update","cloudfunctions.operations.get","firebase.projects.get"]}
[debug] [2025-11-21T02:38:29.816Z] Checked if tokens are valid: true, expires at: 1763696075618
[debug] [2025-11-21T02:38:29.816Z] Checked if tokens are valid: true, expires at: 1763696075618
[debug] [2025-11-21T02:38:29.816Z] >>> [apiv2][query] POST https://iam.googleapis.com/v1/projects/mini-rcm-validation-engine/serviceAccounts/mini-rcm-validation-engine@appspot.gserviceaccount.com:testIamPermissions [none]
[debug] [2025-11-21T02:38:29.816Z] >>> [apiv2][body] POST https://iam.googleapis.com/v1/projects/mini-rcm-validation-engine/serviceAccounts/mini-rcm-validation-engine@appspot.gserviceaccount.com:testIamPermissions {"permissions":["iam.serviceAccounts.actAs"]}
[debug] [2025-11-21T02:38:31.652Z] <<< [apiv2][status] POST https://iam.googleapis.com/v1/projects/mini-rcm-validation-engine/serviceAccounts/mini-rcm-validation-engine@appspot.gserviceaccount.com:testIamPermissions 200
[debug] [2025-11-21T02:38:31.653Z] <<< [apiv2][body] POST https://iam.googleapis.com/v1/projects/mini-rcm-validation-engine/serviceAccounts/mini-rcm-validation-engine@appspot.gserviceaccount.com:testIamPermissions {"permissions":["iam.serviceAccounts.actAs"]}
[info] 
[info] === Deploying to 'mini-rcm-validation-engine'...
[info] 
[info] i  deploying functions 
[info] Running command: npm --prefix "$RESOURCE_DIR" run build
[info] ✔  functions: Finished running predeploy script. 
[debug] [2025-11-21T02:38:34.286Z] Checked if tokens are valid: true, expires at: 1763696075618
[debug] [2025-11-21T02:38:34.286Z] Checked if tokens are valid: true, expires at: 1763696075618
[debug] [2025-11-21T02:38:34.286Z] >>> [apiv2][query] GET https://cloudresourcemanager.googleapis.com/v1/projects/mini-rcm-validation-engine [none]
[debug] [2025-11-21T02:38:34.720Z] <<< [apiv2][status] GET https://cloudresourcemanager.googleapis.com/v1/projects/mini-rcm-validation-engine 200
[debug] [2025-11-21T02:38:34.721Z] <<< [apiv2][body] GET https://cloudresourcemanager.googleapis.com/v1/projects/mini-rcm-validation-engine {"projectNumber":"522534214712","projectId":"mini-rcm-validation-engine","lifecycleState":"ACTIVE","name":"Mini RCM Validation Engine","labels":{"firebase":"enabled","firebase-core":"disabled"},"createTime":"2025-11-16T07:32:49.368672Z"}
[info] i  functions: preparing codebase default for deployment 
[info] i  functions: ensuring required API cloudfunctions.googleapis.com is enabled... 
[info] i  functions: ensuring required API cloudbuild.googleapis.com is enabled... 
[info] i  artifactregistry: ensuring required API artifactregistry.googleapis.com is enabled... 
[debug] [2025-11-21T02:38:34.724Z] Checked if tokens are valid: true, expires at: 1763696075618
[debug] [2025-11-21T02:38:34.724Z] Checked if tokens are valid: true, expires at: 1763696075618
[debug] [2025-11-21T02:38:34.724Z] >>> [apiv2][query] GET https://firebase.googleapis.com/v1beta1/projects/mini-rcm-validation-engine/adminSdkConfig [none]
[debug] [2025-11-21T02:38:36.008Z] <<< [apiv2][status] GET https://firebase.googleapis.com/v1beta1/projects/mini-rcm-validation-engine/adminSdkConfig 200
[debug] [2025-11-21T02:38:36.008Z] <<< [apiv2][body] GET https://firebase.googleapis.com/v1beta1/projects/mini-rcm-validation-engine/adminSdkConfig {"projectId":"mini-rcm-validation-engine","storageBucket":"mini-rcm-validation-engine.firebasestorage.app"}
[debug] [2025-11-21T02:38:36.011Z] Validating nodejs source
[debug] [2025-11-21T02:38:36.926Z] > [functions] package.json contents: {
  "name": "functions",
  "scripts": {
    "lint": "eslint .",
    "build": "tsc",
    "build:watch": "tsc --watch",
    "serve": "npm run build && firebase emulators:start --only functions",
    "shell": "npm run build && firebase functions:shell",
    "start": "npm run shell",
    "deploy": "firebase deploy --only functions",
    "logs": "firebase functions:log"
  },
  "engines": {
    "node": "22"
  },
  "main": "lib/src/index.js",
  "dependencies": {
    "@google-cloud/storage": "^7.17.3",
    "@google/genai": "^1.29.1",
    "@google/generative-ai": "^0.24.1",
    "cors": "^2.8.5",
    "firebase-admin": "^12.7.0",
    "firebase-functions": "^7.0.0",
    "lodash.get": "^4.4.2",
    "mammoth": "^1.11.0",
    "papaparse": "^5.5.3",
    "pdf-parse": "^2.4.5",
    "pdfjs-dist": "^5.4.394",
    "uuid": "^13.0.0",
    "xlsx": "^0.18.5"
  },
  "devDependencies": {
    "@types/lodash.get": "^4.4.9",
    "@types/node": "^24.10.1",
    "@types/papaparse": "^5.5.0",
    "@types/pdf-parse": "^1.1.5",
    "@typescript-eslint/eslint-plugin": "^5.12.0",
    "@typescript-eslint/parser": "^5.12.0",
    "eslint": "^8.9.0",
    "eslint-config-google": "^0.14.0",
    "eslint-plugin-import": "^2.25.4",
    "firebase-functions-test": "^3.1.0",
    "typescript": "^5.7.3"
  },
  "private": true
}
[debug] [2025-11-21T02:38:36.926Z] Building nodejs source
[info] i  functions: Loading and analyzing source code for codebase default to determine what to deploy 
[debug] [2025-11-21T02:38:36.927Z] Could not find functions.yaml. Must use http discovery
[debug] [2025-11-21T02:38:36.929Z] Found firebase-functions binary at '/home/yodit/Humaein/rcm-validation/functions/node_modules/.bin/firebase-functions'
[info] Serving at port 8972

[debug] [2025-11-21T02:38:37.171Z] Got response from /__/functions.yaml {"endpoints":{"parseCsvOnUpload":{"platform":"gcfv2","availableMemoryMb":null,"timeoutSeconds":null,"minInstances":null,"maxInstances":null,"ingressSettings":null,"concurrency":null,"serviceAccountEmail":null,"vpc":null,"labels":{},"eventTrigger":{"eventType":"google.cloud.storage.object.v1.finalized","eventFilters":{"bucket":"mini-rcm-validation-engine.firebasestorage.app"},"retry":false},"entryPoint":"parseCsvOnUpload"},"validateClaims":{"availableMemoryMb":null,"timeoutSeconds":null,"minInstances":null,"maxInstances":null,"ingressSettings":null,"concurrency":null,"serviceAccountEmail":null,"vpc":null,"platform":"gcfv2","labels":{},"httpsTrigger":{},"entryPoint":"validateClaims"}},"specVersion":"v1alpha1","requiredAPIs":[],"extensions":{}}
[info] i  extensions: ensuring required API firebaseextensions.googleapis.com is enabled... 
[debug] [2025-11-21T02:38:41.192Z] > command requires scopes: ["email","openid","https://www.googleapis.com/auth/cloudplatformprojects.readonly","https://www.googleapis.com/auth/firebase","https://www.googleapis.com/auth/cloud-platform"]
[debug] [2025-11-21T02:38:41.192Z] > authorizing via signed-in user (yoditabebe9391@gmail.com)
[debug] [2025-11-21T02:38:41.193Z] [iam] checking project mini-rcm-validation-engine for permissions ["firebase.projects.get","firebaseextensions.instances.list"]
[debug] [2025-11-21T02:38:41.193Z] Checked if tokens are valid: true, expires at: 1763696075618
[debug] [2025-11-21T02:38:41.193Z] Checked if tokens are valid: true, expires at: 1763696075618
[debug] [2025-11-21T02:38:41.193Z] >>> [apiv2][query] POST https://cloudresourcemanager.googleapis.com/v1/projects/mini-rcm-validation-engine:testIamPermissions [none]
[debug] [2025-11-21T02:38:41.193Z] >>> [apiv2][(partial)header] POST https://cloudresourcemanager.googleapis.com/v1/projects/mini-rcm-validation-engine:testIamPermissions x-goog-quota-user=projects/mini-rcm-validation-engine
[debug] [2025-11-21T02:38:41.194Z] >>> [apiv2][body] POST https://cloudresourcemanager.googleapis.com/v1/projects/mini-rcm-validation-engine:testIamPermissions {"permissions":["firebase.projects.get","firebaseextensions.instances.list"]}
[debug] [2025-11-21T02:38:42.829Z] <<< [apiv2][status] POST https://cloudresourcemanager.googleapis.com/v1/projects/mini-rcm-validation-engine:testIamPermissions 200
[debug] [2025-11-21T02:38:42.829Z] <<< [apiv2][body] POST https://cloudresourcemanager.googleapis.com/v1/projects/mini-rcm-validation-engine:testIamPermissions {"permissions":["firebase.projects.get","firebaseextensions.instances.list"]}
[debug] [2025-11-21T02:38:42.830Z] Checked if tokens are valid: true, expires at: 1763696075618
[debug] [2025-11-21T02:38:42.830Z] Checked if tokens are valid: true, expires at: 1763696075618
[debug] [2025-11-21T02:38:42.830Z] >>> [apiv2][query] GET https://firebaseextensions.googleapis.com/v1beta/projects/mini-rcm-validation-engine/instances pageSize=100&pageToken=
[debug] [2025-11-21T02:38:46.089Z] <<< [apiv2][status] GET https://firebaseextensions.googleapis.com/v1beta/projects/mini-rcm-validation-engine/instances 200
[debug] [2025-11-21T02:38:46.090Z] <<< [apiv2][body] GET https://firebaseextensions.googleapis.com/v1beta/projects/mini-rcm-validation-engine/instances {}
[info] i  functions: preparing functions directory for uploading... 
[info] i  functions: packaged /home/yodit/Humaein/rcm-validation/functions (127.7 KB) for uploading 
[debug] [2025-11-21T02:38:46.162Z] Checked if tokens are valid: true, expires at: 1763696075618
[debug] [2025-11-21T02:38:46.162Z] Checked if tokens are valid: true, expires at: 1763696075618
[debug] [2025-11-21T02:38:46.162Z] >>> [apiv2][query] GET https://cloudfunctions.googleapis.com/v1/projects/mini-rcm-validation-engine/locations/-/functions [none]
[debug] [2025-11-21T02:38:47.316Z] <<< [apiv2][status] GET https://cloudfunctions.googleapis.com/v1/projects/mini-rcm-validation-engine/locations/-/functions 200
[debug] [2025-11-21T02:38:47.317Z] <<< [apiv2][body] GET https://cloudfunctions.googleapis.com/v1/projects/mini-rcm-validation-engine/locations/-/functions {}
[debug] [2025-11-21T02:38:47.317Z] Checked if tokens are valid: true, expires at: 1763696075618
[debug] [2025-11-21T02:38:47.317Z] Checked if tokens are valid: true, expires at: 1763696075618
[debug] [2025-11-21T02:38:47.317Z] >>> [apiv2][query] GET https://cloudfunctions.googleapis.com/v2/projects/mini-rcm-validation-engine/locations/-/functions filter=environment%3D%22GEN_2%22
[debug] [2025-11-21T02:38:48.439Z] <<< [apiv2][status] GET https://cloudfunctions.googleapis.com/v2/projects/mini-rcm-validation-engine/locations/-/functions 200
[debug] [2025-11-21T02:38:48.440Z] <<< [apiv2][body] GET https://cloudfunctions.googleapis.com/v2/projects/mini-rcm-validation-engine/locations/-/functions {"functions":[{"name":"projects/mini-rcm-validation-engine/locations/us-central1/functions/validateClaims","buildConfig":{"build":"projects/522534214712/locations/us-central1/builds/72501aba-4926-425e-96d6-69205d58c1bd","runtime":"nodejs22","entryPoint":"validateClaims","source":{"storageSource":{"bucket":"gcf-v2-sources-522534214712-us-central1","object":"validateClaims/function-source.zip","generation":"1763663998324251"}},"environmentVariables":{"GOOGLE_NODE_RUN_SCRIPTS":""},"dockerRepository":"projects/mini-rcm-validation-engine/locations/us-central1/repositories/gcf-artifacts","sourceProvenance":{"resolvedStorageSource":{"bucket":"gcf-v2-sources-522534214712-us-central1","object":"validateClaims/function-source.zip","generation":"1763663998324251"}},"dockerRegistry":"ARTIFACT_REGISTRY","serviceAccount":"projects/mini-rcm-validation-engine/serviceAccounts/522534214712-compute@developer.gserviceaccount.com","automaticUpdatePolicy":{}},"serviceConfig":{"service":"projects/mini-rcm-validation-engine/locations/us-central1/services/validateclaims","timeoutSeconds":60,"environmentVariables":{"FIREBASE_CONFIG":"{\"projectId\":\"mini-rcm-validation-engine\",\"storageBucket\":\"mini-rcm-validation-engine.firebasestorage.app\"}","GCLOUD_PROJECT":"mini-rcm-validation-engine","EVENTARC_CLOUD_EVENT_SOURCE":"projects/mini-rcm-validation-engine/locations/us-central1/services/validateClaims","FUNCTION_TARGET":"validateClaims","LOG_EXECUTION_ID":"true","FUNCTION_SIGNATURE_TYPE":"http"},"ingressSettings":"ALLOW_ALL","uri":"https://validateclaims-vuyfxw3vta-uc.a.run.app","serviceAccountEmail":"522534214712-compute@developer.gserviceaccount.com","availableMemory":"256Mi","allTrafficOnLatestRevision":true,"revision":"validateclaims-00017-rok","maxInstanceRequestConcurrency":80,"availableCpu":"1"},"state":"ACTIVE","updateTime":"2025-11-20T18:40:06.975825343Z","labels":{"firebase-functions-hash":"91b69b4401a5e3d464e276fb9f32269bd559886b","deployment-tool":"cli-firebase"},"environment":"GEN_2","url":"https://us-central1-mini-rcm-validation-engine.cloudfunctions.net/validateClaims","createTime":"2025-11-20T07:56:15.296273836Z","satisfiesPzi":true},{"name":"projects/mini-rcm-validation-engine/locations/us-central1/functions/parseCsvOnUpload","buildConfig":{"build":"projects/522534214712/locations/us-central1/builds/72501aba-4926-425e-96d6-69205d58c1bd","runtime":"nodejs22","entryPoint":"parseCsvOnUpload","source":{"storageSource":{"bucket":"gcf-v2-sources-522534214712-us-central1","object":"parseCsvOnUpload/function-source.zip","generation":"1763663917103973"}},"environmentVariables":{"GOOGLE_NODE_RUN_SCRIPTS":""},"dockerRepository":"projects/mini-rcm-validation-engine/locations/us-central1/repositories/gcf-artifacts","sourceProvenance":{"resolvedStorageSource":{"bucket":"gcf-v2-sources-522534214712-us-central1","object":"parseCsvOnUpload/function-source.zip","generation":"1763663917103973"}},"dockerRegistry":"ARTIFACT_REGISTRY","serviceAccount":"projects/mini-rcm-validation-engine/serviceAccounts/522534214712-compute@developer.gserviceaccount.com","automaticUpdatePolicy":{}},"serviceConfig":{"service":"projects/mini-rcm-validation-engine/locations/us-central1/services/parsecsvonupload","timeoutSeconds":60,"environmentVariables":{"FIREBASE_CONFIG":"{\"projectId\":\"mini-rcm-validation-engine\",\"storageBucket\":\"mini-rcm-validation-engine.firebasestorage.app\"}","GCLOUD_PROJECT":"mini-rcm-validation-engine","EVENTARC_CLOUD_EVENT_SOURCE":"projects/mini-rcm-validation-engine/locations/us-central1/services/parseCsvOnUpload","FUNCTION_SIGNATURE_TYPE":"cloudevent","FUNCTION_TARGET":"parseCsvOnUpload","LOG_EXECUTION_ID":"true"},"ingressSettings":"ALLOW_ALL","uri":"https://parsecsvonupload-vuyfxw3vta-uc.a.run.app","serviceAccountEmail":"522534214712-compute@developer.gserviceaccount.com","availableMemory":"256Mi","allTrafficOnLatestRevision":true,"revision":"parsecsvonupload-00026-duz","maxInstanceRequestConcurrency":80,"availableCpu":"1"},"eventTrigger":{"trigger":"projects/mini-rcm-validation-engine/locations/us-central1/triggers/parsecsvonupload-816484","triggerRegion":"us-central1","eventType":"google.cloud.storage.object.v1.finalized","eventFilters":[{"attribute":"bucket","value":"mini-rcm-validation-engine.firebasestorage.app"}],"pubsubTopic":"projects/mini-rcm-validation-engine/topics/eventarc-us-central1-parsecsvonupload-816484-317","serviceAccountEmail":"522534214712-compute@developer.gserviceaccount.com","retryPolicy":"RETRY_POLICY_DO_NOT_RETRY"},"state":"ACTIVE","updateTime":"2025-11-20T18:40:03.248472383Z","labels":{"deployment-tool":"cli-firebase","firebase-functions-hash":"91b69b4401a5e3d464e276fb9f32269bd559886b"},"environment":"GEN_2","url":"https://us-central1-mini-rcm-validation-engine.cloudfunctions.net/parseCsvOnUpload","createTime":"2025-11-19T12:47:19.963384547Z","satisfiesPzi":true}]}
[info] i  functions: ensuring required API run.googleapis.com is enabled... 
[info] i  functions: ensuring required API eventarc.googleapis.com is enabled... 
[info] i  functions: ensuring required API pubsub.googleapis.com is enabled... 
[info] i  functions: ensuring required API storage.googleapis.com is enabled... 
[info] i  functions: generating the service identity for pubsub.googleapis.com... 
[debug] [2025-11-21T02:38:48.445Z] Checked if tokens are valid: true, expires at: 1763696075618
[debug] [2025-11-21T02:38:48.445Z] Checked if tokens are valid: true, expires at: 1763696075618
[info] i  functions: generating the service identity for eventarc.googleapis.com... 
[debug] [2025-11-21T02:38:48.445Z] Checked if tokens are valid: true, expires at: 1763696075618
[debug] [2025-11-21T02:38:48.445Z] Checked if tokens are valid: true, expires at: 1763696075618
[debug] [2025-11-21T02:38:48.446Z] >>> [apiv2][query] POST https://serviceusage.googleapis.com/v1beta1/projects/522534214712/services/pubsub.googleapis.com:generateServiceIdentity [none]
[debug] [2025-11-21T02:38:48.446Z] >>> [apiv2][(partial)header] POST https://serviceusage.googleapis.com/v1beta1/projects/522534214712/services/pubsub.googleapis.com:generateServiceIdentity x-goog-quota-user=projects/522534214712
[debug] [2025-11-21T02:38:48.446Z] >>> [apiv2][body] POST https://serviceusage.googleapis.com/v1beta1/projects/522534214712/services/pubsub.googleapis.com:generateServiceIdentity {}
[debug] [2025-11-21T02:38:48.447Z] >>> [apiv2][query] POST https://serviceusage.googleapis.com/v1beta1/projects/522534214712/services/eventarc.googleapis.com:generateServiceIdentity [none]
[debug] [2025-11-21T02:38:48.447Z] >>> [apiv2][(partial)header] POST https://serviceusage.googleapis.com/v1beta1/projects/522534214712/services/eventarc.googleapis.com:generateServiceIdentity x-goog-quota-user=projects/522534214712
[debug] [2025-11-21T02:38:48.448Z] >>> [apiv2][body] POST https://serviceusage.googleapis.com/v1beta1/projects/522534214712/services/eventarc.googleapis.com:generateServiceIdentity {}
[debug] [2025-11-21T02:38:52.009Z] <<< [apiv2][status] POST https://serviceusage.googleapis.com/v1beta1/projects/522534214712/services/pubsub.googleapis.com:generateServiceIdentity 200
[debug] [2025-11-21T02:38:52.009Z] <<< [apiv2][body] POST https://serviceusage.googleapis.com/v1beta1/projects/522534214712/services/pubsub.googleapis.com:generateServiceIdentity {"name":"operations/finished.DONE_OPERATION","done":true,"response":{"@type":"type.googleapis.com/google.api.serviceusage.v1beta1.ServiceIdentity","email":"service-522534214712@gcp-sa-pubsub.iam.gserviceaccount.com","uniqueId":"102974787673449906647"}}
[debug] [2025-11-21T02:38:52.011Z] <<< [apiv2][status] POST https://serviceusage.googleapis.com/v1beta1/projects/522534214712/services/eventarc.googleapis.com:generateServiceIdentity 200
[debug] [2025-11-21T02:38:52.011Z] <<< [apiv2][body] POST https://serviceusage.googleapis.com/v1beta1/projects/522534214712/services/eventarc.googleapis.com:generateServiceIdentity {"name":"operations/finished.DONE_OPERATION","done":true,"response":{"@type":"type.googleapis.com/google.api.serviceusage.v1beta1.ServiceIdentity","email":"service-522534214712@gcp-sa-eventarc.iam.gserviceaccount.com","uniqueId":"102332226339814021311"}}
[debug] [2025-11-21T02:38:52.013Z] Checked if tokens are valid: true, expires at: 1763696075618
[debug] [2025-11-21T02:38:52.013Z] Checked if tokens are valid: true, expires at: 1763696075618
[debug] [2025-11-21T02:38:52.013Z] >>> [apiv2][query] GET https://cloudresourcemanager.googleapis.com/v1/projects/mini-rcm-validation-engine [none]
[debug] [2025-11-21T02:38:53.442Z] <<< [apiv2][status] GET https://cloudresourcemanager.googleapis.com/v1/projects/mini-rcm-validation-engine 200
[debug] [2025-11-21T02:38:53.442Z] <<< [apiv2][body] GET https://cloudresourcemanager.googleapis.com/v1/projects/mini-rcm-validation-engine {"projectNumber":"522534214712","projectId":"mini-rcm-validation-engine","lifecycleState":"ACTIVE","name":"Mini RCM Validation Engine","labels":{"firebase":"enabled","firebase-core":"disabled"},"createTime":"2025-11-16T07:32:49.368672Z"}
[debug] [2025-11-21T02:38:53.443Z] Checked if tokens are valid: true, expires at: 1763696075618
[debug] [2025-11-21T02:38:53.443Z] Checked if tokens are valid: true, expires at: 1763696075618
[debug] [2025-11-21T02:38:53.443Z] >>> [apiv2][query] GET https://compute.googleapis.com/compute/v1/projects/522534214712 [none]
